2026-08-02T03:00:37Z INF Thank you for trying Cloudflare Tunnel. Doing so, without a Cloudflare account, is a quick way to experiment and try it out. However, be aware that these account-less Tunnels have no uptime guarantee, are subject to the Cloudflare Online Services Terms of Use (https://www.cloudflare.com/website-terms/), and Cloudflare reserves the right to investigate your use of Tunnels for violations of such terms. If you intend to use Tunnels in production you should use a pre-created named tunnel by following: https://developers.cloudflare.com/cloudflare-one/connections/connect-apps
2026-08-02T03:00:37Z INF Requesting new quick Tunnel on trycloudflare.com...
2026-08-02T03:00:43Z INF +--------------------------------------------------------------------------------------------+
2026-08-02T03:00:43Z INF |  Your quick Tunnel has been created! Visit it at (it may take some time to be reachable):  |
2026-08-02T03:00:43Z INF |  https://rules-chronicles-rangers-affordable.trycloudflare.com                             |
2026-08-02T03:00:43Z INF +--------------------------------------------------------------------------------------------+
2026-08-02T03:00:43Z INF Cannot determine default configuration path. No file [config.yml config.yaml] in [~/.cloudflared ~/.cloudflare-warp ~/cloudflare-warp /etc/cloudflared /usr/local/etc/cloudflared]
2026-08-02T03:00:43Z INF Version 2026.7.3 (Checksum 9d71c677db00134c1bd4144b7783486b654ad281b1ea62b4972098d19f770f17)
2026-08-02T03:00:43Z INF GOOS: linux, GOVersion: go1.26.4, GoArch: amd64
2026-08-02T03:00:43Z INF Settings: map[ha-connections:1 protocol:quic url:http://localhost:8080]
2026-08-02T03:00:43Z INF Autoupdate frequency is set autoupdateFreq=86400000
2026-08-02T03:00:48Z INF Generated Connector ID: 6f586d0f-419c-4de4-b4c2-fcb16b4dfdd8
2026-08-02T03:00:48Z INF Initial protocol quic
2026-08-02T03:00:48Z INF ICMP proxy will use 192.168.0.190 as source for IPv4
2026-08-02T03:00:48Z INF ICMP proxy will use fe80::98cc:5faf:fc87:3197 in zone wlan0 as source for IPv6
2026-08-02T03:00:48Z INF ICMP proxy will use 192.168.0.190 as source for IPv4
2026-08-02T03:00:48Z INF ICMP proxy will use fe80::98cc:5faf:fc87:3197 in zone wlan0 as source for IPv6
2026-08-02T03:00:48Z INF Starting metrics server on 127.0.0.1:20241/metrics
2026-08-02T03:00:48Z INF Tunnel connection curve preferences: [X25519MLKEM768 CurveID(65074) CurveP256] connIndex=0 event=0 ip=198.41.192.27
2026-08-02T03:00:48Z INF Registered tunnel connection connIndex=0 connection=3f4bf3f9-9111-4365-b457-c4477218d678 event=0 ip=198.41.192.27 location=mia01 protocol=quic
2026-08-02T03:00:54Z INF +-------------------------------------------------------------------------------------+
2026-08-02T03:00:54Z INF |                               CONNECTIVITY PRE-CHECKS                               |
2026-08-02T03:00:54Z INF +-------------------------------------------------------------------------------------+
2026-08-02T03:00:54Z INF |  COMPONENT         TARGET                     STATUS  DETAILS                       |
2026-08-02T03:00:54Z INF |  DNS Resolution    region1.v2.argotunnel.com  PASS    DNS Resolved successfully     |
2026-08-02T03:00:54Z INF |  DNS Resolution    region2.v2.argotunnel.com  PASS    DNS Resolved successfully     |
2026-08-02T03:00:54Z INF |  UDP Connectivity  region1.v2.argotunnel.com  PASS    QUIC connection successful    |
2026-08-02T03:00:54Z INF |  UDP Connectivity  region2.v2.argotunnel.com  PASS    QUIC connection successful    |
2026-08-02T03:00:54Z INF |  TCP Connectivity  region1.v2.argotunnel.com  PASS    HTTP/2 connection successful  |
2026-08-02T03:00:54Z INF |  TCP Connectivity  region2.v2.argotunnel.com  PASS    HTTP/2 connection successful  |
2026-08-02T03:00:54Z INF |  Cloudflare API    api.cloudflare.com:443     PASS    API is reachable              |
2026-08-02T03:00:54Z INF |                                                                                     |
2026-08-02T03:00:54Z INF |  SUMMARY: Environment is healthy. cloudflared will use 'quic' as primary protocol.  |
2026-08-02T03:00:54Z INF +-------------------------------------------------------------------------------------+
2026-08-02T03:00:54Z INF precheck component="DNS Resolution" details="DNS Resolved successfully" run_id=095f2792-6e3a-41a7-99e7-8014b0af387e status=pass target=region1.v2.argotunnel.com
2026-08-02T03:00:54Z INF precheck component="DNS Resolution" details="DNS Resolved successfully" run_id=095f2792-6e3a-41a7-99e7-8014b0af387e status=pass target=region2.v2.argotunnel.com
2026-08-02T03:00:54Z INF precheck component="UDP Connectivity" details="QUIC connection successful" run_id=095f2792-6e3a-41a7-99e7-8014b0af387e status=pass target=region1.v2.argotunnel.com
2026-08-02T03:00:54Z INF precheck component="UDP Connectivity" details="QUIC connection successful" run_id=095f2792-6e3a-41a7-99e7-8014b0af387e status=pass target=region2.v2.argotunnel.com
2026-08-02T03:00:54Z INF precheck component="TCP Connectivity" details="HTTP/2 connection successful" run_id=095f2792-6e3a-41a7-99e7-8014b0af387e status=pass target=region1.v2.argotunnel.com
2026-08-02T03:00:54Z INF precheck component="TCP Connectivity" details="HTTP/2 connection successful" run_id=095f2792-6e3a-41a7-99e7-8014b0af387e status=pass target=region2.v2.argotunnel.com
2026-08-02T03:00:54Z INF precheck component="Cloudflare API" details="API is reachable" run_id=095f2792-6e3a-41a7-99e7-8014b0af387e status=pass target=api.cloudflare.com:443
2026-08-02T03:00:54Z INF precheck complete hard_fail=false run_id=095f2792-6e3a-41a7-99e7-8014b0af387e suggested_protocol=quic
2026-08-02T03:12:19Z INF Initiating graceful shutdown due to signal terminated ...
2026-08-02T03:12:19Z ERR failed to run the datagram handler error="context canceled" connIndex=0 event=0 ip=198.41.192.27
2026-08-02T03:12:19Z ERR failed to serve tunnel connection error="accept stream listener encountered a failure while serving" connIndex=0 event=0 ip=198.41.192.27
2026-08-02T03:12:19Z ERR Serve tunnel error error="accept stream listener encountered a failure while serving" connIndex=0 event=0 ip=198.41.192.27
2026-08-02T03:12:19Z INF Retrying connection in up to 1s connIndex=0 event=0 ip=198.41.192.27
2026-08-02T03:12:19Z ERR Connection terminated connIndex=0
2026-08-02T03:12:19Z ERR no more connections active and exiting
2026-08-02T03:12:19Z INF Tunnel server stopped
2026-08-02T03:12:19Z INF Metrics server stopped
